0 verbose cli /usr/bin/node /usr/bin/npm
1 info using npm@11.16.0
2 info using node@v24.18.0
3 silly config load:file:/usr/share/nodejs/npm/npmrc
4 silly config load:file:/run/media/ttf/4D68CCA27FA538EE/immo_tul/backend/.npmrc
5 silly config load:file:/home/ttf/.npmrc
6 silly config load:file:/etc/npmrc
7 verbose title npm uninstall @prisma/client prisma
8 verbose argv "uninstall" "@prisma/client" "prisma" "--cache" "/run/media/ttf/4D68CCA27FA538EE/immo_tul/backend/.npm-cache"
9 verbose logfile logs-max:10 dir:/run/media/ttf/4D68CCA27FA538EE/immo_tul/backend/.npm-cache/_logs/2026-10-08T12_05_20_915Z-
10 verbose logfile /run/media/ttf/4D68CCA27FA538EE/immo_tul/backend/.npm-cache/_logs/2026-10-08T12_05_20_915Z-debug-0.log
11 silly logfile done cleaning log files
12 silly packumentCache heap:4496293888 maxSize:1124073472 maxEntrySize:562036736
13 silly idealTree buildDeps
14 silly reify mark retired [
14 silly reify   '/run/media/ttf/4D68CCA27FA538EE/immo_tul/backend/node_modules/@prisma/client'
14 silly reify ]
15 silly reify mark retired [
15 silly reify   '/run/media/ttf/4D68CCA27FA538EE/immo_tul/backend/node_modules/bcryptjs',
15 silly reify   '/run/media/ttf/4D68CCA27FA538EE/immo_tul/backend/node_modules/.bin/bcrypt'
15 silly reify ]
16 silly reify mark retired [ '/run/media/ttf/4D68CCA27FA538EE/immo_tul/backend/node_modules/c12' ]
17 silly reify mark retired [
17 silly reify   '/run/media/ttf/4D68CCA27FA538EE/immo_tul/backend/node_modules/citty'
17 silly reify ]
18 silly reify mark retired [
18 silly reify   '/run/media/ttf/4D68CCA27FA538EE/immo_tul/backend/node_modules/confbox'
18 silly reify ]
19 silly reify mark retired [
19 silly reify   '/run/media/ttf/4D68CCA27FA538EE/immo_tul/backend/node_modules/consola'
19 silly reify ]
20 silly reify mark retired [
20 silly reify   '/run/media/ttf/4D68CCA27FA538EE/immo_tul/backend/node_modules/deepmerge-ts'
20 silly reify ]
21 silly reify mark retired [
21 silly reify   '/run/media/ttf/4D68CCA27FA538EE/immo_tul/backend/node_modules/defu'
21 silly reify ]
22 silly reify mark retired [
22 silly reify   '/run/media/ttf/4D68CCA27FA538EE/immo_tul/backend/node_modules/destr'
22 silly reify ]
23 silly reify mark retired [
23 silly reify   '/run/media/ttf/4D68CCA27FA538EE/immo_tul/backend/node_modules/effect'
23 silly reify ]
24 silly reify mark retired [
24 silly reify   '/run/media/ttf/4D68CCA27FA538EE/immo_tul/backend/node_modules/empathic'
24 silly reify ]
25 silly reify mark retired [
25 silly reify   '/run/media/ttf/4D68CCA27FA538EE/immo_tul/backend/node_modules/exsolve'
25 silly reify ]
26 silly reify mark retired [
26 silly reify   '/run/media/ttf/4D68CCA27FA538EE/immo_tul/backend/node_modules/fast-check'
26 silly reify ]
27 silly reify mark retired [
27 silly reify   '/run/media/ttf/4D68CCA27FA538EE/immo_tul/backend/node_modules/giget',
27 silly reify   '/run/media/ttf/4D68CCA27FA538EE/immo_tul/backend/node_modules/.bin/giget'
27 silly reify ]
28 silly reify mark retired [
28 silly reify   '/run/media/ttf/4D68CCA27FA538EE/immo_tul/backend/node_modules/jiti',
28 silly reify   '/run/media/ttf/4D68CCA27FA538EE/immo_tul/backend/node_modules/.bin/jiti'
28 silly reify ]
29 silly reify mark retired [
29 silly reify   '/run/media/ttf/4D68CCA27FA538EE/immo_tul/backend/node_modules/node-fetch-native'
29 silly reify ]
30 silly reify mark retired [
30 silly reify   '/run/media/ttf/4D68CCA27FA538EE/immo_tul/backend/node_modules/nodemon',
30 silly reify   '/run/media/ttf/4D68CCA27FA538EE/immo_tul/backend/node_modules/.bin/nodemon'
30 silly reify ]
31 silly reify mark retired [
31 silly reify   '/run/media/ttf/4D68CCA27FA538EE/immo_tul/backend/node_modules/nypm',
31 silly reify   '/run/media/ttf/4D68CCA27FA538EE/immo_tul/backend/node_modules/.bin/nypm'
31 silly reify ]
32 silly reify mark retired [
32 silly reify   '/run/media/ttf/4D68CCA27FA538EE/immo_tul/backend/node_modules/ohash'
32 silly reify ]
33 silly reify mark retired [
33 silly reify   '/run/media/ttf/4D68CCA27FA538EE/immo_tul/backend/node_modules/pathe'
33 silly reify ]
34 silly reify mark retired [
34 silly reify   '/run/media/ttf/4D68CCA27FA538EE/immo_tul/backend/node_modules/perfect-debounce'
34 silly reify ]
35 silly reify mark retired [ '/run/media/ttf/4D68CCA27FA538EE/immo_tul/backend/node_modules/pg' ]
36 silly reify mark retired [
36 silly reify   '/run/media/ttf/4D68CCA27FA538EE/immo_tul/backend/node_modules/pg-cloudflare'
36 silly reify ]
37 silly reify mark retired [
37 silly reify   '/run/media/ttf/4D68CCA27FA538EE/immo_tul/backend/node_modules/pg-connection-string'
37 silly reify ]
38 silly reify mark retired [
38 silly reify   '/run/media/ttf/4D68CCA27FA538EE/immo_tul/backend/node_modules/pg-int8'
38 silly reify ]
39 silly reify mark retired [
39 silly reify   '/run/media/ttf/4D68CCA27FA538EE/immo_tul/backend/node_modules/pg-pool'
39 silly reify ]
40 silly reify mark retired [
40 silly reify   '/run/media/ttf/4D68CCA27FA538EE/immo_tul/backend/node_modules/pg-types'
40 silly reify ]
41 silly reify mark retired [
41 silly reify   '/run/media/ttf/4D68CCA27FA538EE/immo_tul/backend/node_modules/pg-protocol'
41 silly reify ]
42 silly reify mark retired [
42 silly reify   '/run/media/ttf/4D68CCA27FA538EE/immo_tul/backend/node_modules/pgpass'
42 silly reify ]
43 silly reify mark retired [
43 silly reify   '/run/media/ttf/4D68CCA27FA538EE/immo_tul/backend/node_modules/pkg-types'
43 silly reify ]
44 silly reify mark retired [
44 silly reify   '/run/media/ttf/4D68CCA27FA538EE/immo_tul/backend/node_modules/postgres-array'
44 silly reify ]
45 silly reify mark retired [
45 silly reify   '/run/media/ttf/4D68CCA27FA538EE/immo_tul/backend/node_modules/postgres-bytea'
45 silly reify ]
46 silly reify mark retired [
46 silly reify   '/run/media/ttf/4D68CCA27FA538EE/immo_tul/backend/node_modules/postgres-date'
46 silly reify ]
47 silly reify mark retired [
47 silly reify   '/run/media/ttf/4D68CCA27FA538EE/immo_tul/backend/node_modules/postgres-interval'
47 silly reify ]
48 silly reify mark retired [
48 silly reify   '/run/media/ttf/4D68CCA27FA538EE/immo_tul/backend/node_modules/prisma',
48 silly reify   '/run/media/ttf/4D68CCA27FA538EE/immo_tul/backend/node_modules/.bin/prisma'
48 silly reify ]
49 silly reify mark retired [
49 silly reify   '/run/media/ttf/4D68CCA27FA538EE/immo_tul/backend/node_modules/pure-rand'
49 silly reify ]
50 silly reify mark retired [ '/run/media/ttf/4D68CCA27FA538EE/immo_tul/backend/node_modules/rc9' ]
51 silly reify mark retired [
51 silly reify   '/run/media/ttf/4D68CCA27FA538EE/immo_tul/backend/node_modules/semver',
51 silly reify   '/run/media/ttf/4D68CCA27FA538EE/immo_tul/backend/node_modules/.bin/semver'
51 silly reify ]
52 silly reify mark retired [
52 silly reify   '/run/media/ttf/4D68CCA27FA538EE/immo_tul/backend/node_modules/split2'
52 silly reify ]
53 silly reify mark retired [
53 silly reify   '/run/media/ttf/4D68CCA27FA538EE/immo_tul/backend/node_modules/tinyexec'
53 silly reify ]
54 silly reify mark retired [
54 silly reify   '/run/media/ttf/4D68CCA27FA538EE/immo_tul/backend/node_modules/touch',
54 silly reify   '/run/media/ttf/4D68CCA27FA538EE/immo_tul/backend/node_modules/.bin/nodetouch'
54 silly reify ]
55 silly reify mark retired [
55 silly reify   '/run/media/ttf/4D68CCA27FA538EE/immo_tul/backend/node_modules/@prisma/config'
55 silly reify ]
56 silly reify mark retired [
56 silly reify   '/run/media/ttf/4D68CCA27FA538EE/immo_tul/backend/node_modules/@prisma/debug'
56 silly reify ]
57 silly reify mark retired [
57 silly reify   '/run/media/ttf/4D68CCA27FA538EE/immo_tul/backend/node_modules/@prisma/engines'
57 silly reify ]
58 silly reify mark retired [
58 silly reify   '/run/media/ttf/4D68CCA27FA538EE/immo_tul/backend/node_modules/@prisma/fetch-engine'
58 silly reify ]
59 silly reify mark retired [
59 silly reify   '/run/media/ttf/4D68CCA27FA538EE/immo_tul/backend/node_modules/@prisma/engines-version'
59 silly reify ]
60 silly reify mark retired [
60 silly reify   '/run/media/ttf/4D68CCA27FA538EE/immo_tul/backend/node_modules/@prisma/get-platform'
60 silly reify ]
61 silly reify mark retired [
61 silly reify   '/run/media/ttf/4D68CCA27FA538EE/immo_tul/backend/node_modules/@standard-schema/spec'
61 silly reify ]
62 silly reify mark retired [
62 silly reify   '/run/media/ttf/4D68CCA27FA538EE/immo_tul/backend/node_modules/mkdirp',
62 silly reify   '/run/media/ttf/4D68CCA27FA538EE/immo_tul/backend/node_modules/.bin/mkdirp'
62 silly reify ]
63 silly reify moves {
63 silly reify   '/run/media/ttf/4D68CCA27FA538EE/immo_tul/backend/node_modules/@prisma/client': '/run/media/ttf/4D68CCA27FA538EE/immo_tul/backend/node_modules/@prisma/.client-XMGNDL3u',
63 silly reify   '/run/media/ttf/4D68CCA27FA538EE/immo_tul/backend/node_modules/bcryptjs': '/run/media/ttf/4D68CCA27FA538EE/immo_tul/backend/node_modules/.bcryptjs-b1jjVNCL',
63 silly reify   '/run/media/ttf/4D68CCA27FA538EE/immo_tul/backend/node_modules/.bin/bcrypt': '/run/media/ttf/4D68CCA27FA538EE/immo_tul/backend/node_modules/.bin/.bcrypt-wTbIfebS',
63 silly reify   '/run/media/ttf/4D68CCA27FA538EE/immo_tul/backend/node_modules/c12': '/run/media/ttf/4D68CCA27FA538EE/immo_tul/backend/node_modules/.c12-c1TqunCm',
63 silly reify   '/run/media/ttf/4D68CCA27FA538EE/immo_tul/backend/node_modules/citty': '/run/media/ttf/4D68CCA27FA538EE/immo_tul/backend/node_modules/.citty-MWVcsQ9D',
63 silly reify   '/run/media/ttf/4D68CCA27FA538EE/immo_tul/backend/node_modules/confbox': '/run/media/ttf/4D68CCA27FA538EE/immo_tul/backend/node_modules/.confbox-Xp5hxcKn',
63 silly reify   '/run/media/ttf/4D68CCA27FA538EE/immo_tul/backend/node_modules/consola': '/run/media/ttf/4D68CCA27FA538EE/immo_tul/backend/node_modules/.consola-JBLNESTC',
63 silly reify   '/run/media/ttf/4D68CCA27FA538EE/immo_tul/backend/node_modules/deepmerge-ts': '/run/media/ttf/4D68CCA27FA538EE/immo_tul/backend/node_modules/.deepmerge-ts-WJqzVye9',
63 silly reify   '/run/media/ttf/4D68CCA27FA538EE/immo_tul/backend/node_modules/defu': '/run/media/ttf/4D68CCA27FA538EE/immo_tul/backend/node_modules/.defu-hjqkqB1t',
63 silly reify   '/run/media/ttf/4D68CCA27FA538EE/immo_tul/backend/node_modules/destr': '/run/media/ttf/4D68CCA27FA538EE/immo_tul/backend/node_modules/.destr-cdIreCQ8',
63 silly reify   '/run/media/ttf/4D68CCA27FA538EE/immo_tul/backend/node_modules/effect': '/run/media/ttf/4D68CCA27FA538EE/immo_tul/backend/node_modules/.effect-GYuKD2Wh',
63 silly reify   '/run/media/ttf/4D68CCA27FA538EE/immo_tul/backend/node_modules/empathic': '/run/media/ttf/4D68CCA27FA538EE/immo_tul/backend/node_modules/.empathic-boZeXkR3',
63 silly reify   '/run/media/ttf/4D68CCA27FA538EE/immo_tul/backend/node_modules/exsolve': '/run/media/ttf/4D68CCA27FA538EE/immo_tul/backend/node_modules/.exsolve-CSsS6xzj',
63 silly reify   '/run/media/ttf/4D68CCA27FA538EE/immo_tul/backend/node_modules/fast-check': '/run/media/ttf/4D68CCA27FA538EE/immo_tul/backend/node_modules/.fast-check-tx653kB3',
63 silly reify   '/run/media/ttf/4D68CCA27FA538EE/immo_tul/backend/node_modules/giget': '/run/media/ttf/4D68CCA27FA538EE/immo_tul/backend/node_modules/.giget-bw6I0MEq',
63 silly reify   '/run/media/ttf/4D68CCA27FA538EE/immo_tul/backend/node_modules/.bin/giget': '/run/media/ttf/4D68CCA27FA538EE/immo_tul/backend/node_modules/.bin/.giget-EeU3GO29',
63 silly reify   '/run/media/ttf/4D68CCA27FA538EE/immo_tul/backend/node_modules/jiti': '/run/media/ttf/4D68CCA27FA538EE/immo_tul/backend/node_modules/.jiti-hr3YI9dd',
63 silly reify   '/run/media/ttf/4D68CCA27FA538EE/immo_tul/backend/node_modules/.bin/jiti': '/run/media/ttf/4D68CCA27FA538EE/immo_tul/backend/node_modules/.bin/.jiti-RhLTlrIN',
63 silly reify   '/run/media/ttf/4D68CCA27FA538EE/immo_tul/backend/node_modules/node-fetch-native': '/run/media/ttf/4D68CCA27FA538EE/immo_tul/backend/node_modules/.node-fetch-native-VOnWnxYb',
63 silly reify   '/run/media/ttf/4D68CCA27FA538EE/immo_tul/backend/node_modules/nodemon': '/run/media/ttf/4D68CCA27FA538EE/immo_tul/backend/node_modules/.nodemon-9WFRDTGm',
63 silly reify   '/run/media/ttf/4D68CCA27FA538EE/immo_tul/backend/node_modules/.bin/nodemon': '/run/media/ttf/4D68CCA27FA538EE/immo_tul/backend/node_modules/.bin/.nodemon-wnnyYU8n',
63 silly reify   '/run/media/ttf/4D68CCA27FA538EE/immo_tul/backend/node_modules/nypm': '/run/media/ttf/4D68CCA27FA538EE/immo_tul/backend/node_modules/.nypm-BrrS8hXJ',
63 silly reify   '/run/media/ttf/4D68CCA27FA538EE/immo_tul/backend/node_modules/.bin/nypm': '/run/media/ttf/4D68CCA27FA538EE/immo_tul/backend/node_modules/.bin/.nypm-2NWOggB9',
63 silly reify   '/run/media/ttf/4D68CCA27FA538EE/immo_tul/backend/node_modules/ohash': '/run/media/ttf/4D68CCA27FA538EE/immo_tul/backend/node_modules/.ohash-TZ2PGHyv',
63 silly reify   '/run/media/ttf/4D68CCA27FA538EE/immo_tul/backend/node_modules/pathe': '/run/media/ttf/4D68CCA27FA538EE/immo_tul/backend/node_modules/.pathe-zEPRnRMU',
63 silly reify   '/run/media/ttf/4D68CCA27FA538EE/immo_tul/backend/node_modules/perfect-debounce': '/run/media/ttf/4D68CCA27FA538EE/immo_tul/backend/node_modules/.perfect-debounce-4G2wW2Ps',
63 silly reify   '/run/media/ttf/4D68CCA27FA538EE/immo_tul/backend/node_modules/pg': '/run/media/ttf/4D68CCA27FA538EE/immo_tul/backend/node_modules/.pg-iqaoSE3a',
63 silly reify   '/run/media/ttf/4D68CCA27FA538EE/immo_tul/backend/node_modules/pg-cloudflare': '/run/media/ttf/4D68CCA27FA538EE/immo_tul/backend/node_modules/.pg-cloudflare-8JEkCGXc',
63 silly reify   '/run/media/ttf/4D68CCA27FA538EE/immo_tul/backend/node_modules/pg-connection-string': '/run/media/ttf/4D68CCA27FA538EE/immo_tul/backend/node_modules/.pg-connection-string-DtuR2ONB',
63 silly reify   '/run/media/ttf/4D68CCA27FA538EE/immo_tul/backend/node_modules/pg-int8': '/run/media/ttf/4D68CCA27FA538EE/immo_tul/backend/node_modules/.pg-int8-QjNM1EOl',
63 silly reify   '/run/media/ttf/4D68CCA27FA538EE/immo_tul/backend/node_modules/pg-pool': '/run/media/ttf/4D68CCA27FA538EE/immo_tul/backend/node_modules/.pg-pool-krj7jNDa',
63 silly reify   '/run/media/ttf/4D68CCA27FA538EE/immo_tul/backend/node_modules/pg-types': '/run/media/ttf/4D68CCA27FA538EE/immo_tul/backend/node_modules/.pg-types-S4t2na23',
63 silly reify   '/run/media/ttf/4D68CCA27FA538EE/immo_tul/backend/node_modules/pg-protocol': '/run/media/ttf/4D68CCA27FA538EE/immo_tul/backend/node_modules/.pg-protocol-dA5zi686',
63 silly reify   '/run/media/ttf/4D68CCA27FA538EE/immo_tul/backend/node_modules/pgpass': '/run/media/ttf/4D68CCA27FA538EE/immo_tul/backend/node_modules/.pgpass-PH24JKSu',
63 silly reify   '/run/media/ttf/4D68CCA27FA538EE/immo_tul/backend/node_modules/pkg-types': '/run/media/ttf/4D68CCA27FA538EE/immo_tul/backend/node_modules/.pkg-types-Zo81jZXW',
63 silly reify   '/run/media/ttf/4D68CCA27FA538EE/immo_tul/backend/node_modules/postgres-array': '/run/media/ttf/4D68CCA27FA538EE/immo_tul/backend/node_modules/.postgres-array-zj61OKxR',
63 silly reify   '/run/media/ttf/4D68CCA27FA538EE/immo_tul/backend/node_modules/postgres-bytea': '/run/media/ttf/4D68CCA27FA538EE/immo_tul/backend/node_modules/.postgres-bytea-flVOi3sM',
63 silly reify   '/run/media/ttf/4D68CCA27FA538EE/immo_tul/backend/node_modules/postgres-date': '/run/media/ttf/4D68CCA27FA538EE/immo_tul/backend/node_modules/.postgres-date-HUQceSsm',
63 silly reify   '/run/media/ttf/4D68CCA27FA538EE/immo_tul/backend/node_modules/postgres-interval': '/run/media/ttf/4D68CCA27FA538EE/immo_tul/backend/node_modules/.postgres-interval-OPAGnalP',
63 silly reify   '/run/media/ttf/4D68CCA27FA538EE/immo_tul/backend/node_modules/prisma': '/run/media/ttf/4D68CCA27FA538EE/immo_tul/backend/node_modules/.prisma-FdXgN3ha',
63 silly reify   '/run/media/ttf/4D68CCA27FA538EE/immo_tul/backend/node_modules/.bin/prisma': '/run/media/ttf/4D68CCA27FA538EE/immo_tul/backend/node_modules/.bin/.prisma-5UvVNpHr',
63 silly reify   '/run/media/ttf/4D68CCA27FA538EE/immo_tul/backend/node_modules/pure-rand': '/run/media/ttf/4D68CCA27FA538EE/immo_tul/backend/node_modules/.pure-rand-7La6ZxLt',
63 silly reify   '/run/media/ttf/4D68CCA27FA538EE/immo_tul/backend/node_modules/rc9': '/run/media/ttf/4D68CCA27FA538EE/immo_tul/backend/node_modules/.rc9-VTbcXrml',
63 silly reify   '/run/media/ttf/4D68CCA27FA538EE/immo_tul/backend/node_modules/semver': '/run/media/ttf/4D68CCA27FA538EE/immo_tul/backend/node_modules/.semver-WJeXSbNn',
63 silly reify   '/run/media/ttf/4D68CCA27FA538EE/immo_tul/backend/node_modules/.bin/semver': '/run/media/ttf/4D68CCA27FA538EE/immo_tul/backend/node_modules/.bin/.semver-w3J1Rw9T',
63 silly reify   '/run/media/ttf/4D68CCA27FA538EE/immo_tul/backend/node_modules/split2': '/run/media/ttf/4D68CCA27FA538EE/immo_tul/backend/node_modules/.split2-EQaDoiSg',
63 silly reify   '/run/media/ttf/4D68CCA27FA538EE/immo_tul/backend/node_modules/tinyexec': '/run/media/ttf/4D68CCA27FA538EE/immo_tul/backend/node_modules/.tinyexec-w3qtfTzi',
63 silly reify   '/run/media/ttf/4D68CCA27FA538EE/immo_tul/backend/node_modules/touch': '/run/media/ttf/4D68CCA27FA538EE/immo_tul/backend/node_modules/.touch-xU3APpLG',
63 silly reify   '/run/media/ttf/4D68CCA27FA538EE/immo_tul/backend/node_modules/.bin/nodetouch': '/run/media/ttf/4D68CCA27FA538EE/immo_tul/backend/node_modules/.bin/.nodetouch-ktUcsi5F',
63 silly reify   '/run/media/ttf/4D68CCA27FA538EE/immo_tul/backend/node_modules/@prisma/config': '/run/media/ttf/4D68CCA27FA538EE/immo_tul/backend/node_modules/@prisma/.config-ImOrFFpK',
63 silly reify   '/run/media/ttf/4D68CCA27FA538EE/immo_tul/backend/node_modules/@prisma/debug': '/run/media/ttf/4D68CCA27FA538EE/immo_tul/backend/node_modules/@prisma/.debug-O7pRltGB',
63 silly reify   '/run/media/ttf/4D68CCA27FA538EE/immo_tul/backend/node_modules/@prisma/engines': '/run/media/ttf/4D68CCA27FA538EE/immo_tul/backend/node_modules/@prisma/.engines-v7RiyBqY',
63 silly reify   '/run/media/ttf/4D68CCA27FA538EE/immo_tul/backend/node_modules/@prisma/fetch-engine': '/run/media/ttf/4D68CCA27FA538EE/immo_tul/backend/node_modules/@prisma/.fetch-engine-osfvNSAt',
63 silly reify   '/run/media/ttf/4D68CCA27FA538EE/immo_tul/backend/node_modules/@prisma/engines-version': '/run/media/ttf/4D68CCA27FA538EE/immo_tul/backend/node_modules/@prisma/.engines-version-ec9PJWlk',
63 silly reify   '/run/media/ttf/4D68CCA27FA538EE/immo_tul/backend/node_modules/@prisma/get-platform': '/run/media/ttf/4D68CCA27FA538EE/immo_tul/backend/node_modules/@prisma/.get-platform-lXFbJI38',
63 silly reify   '/run/media/ttf/4D68CCA27FA538EE/immo_tul/backend/node_modules/@standard-schema/spec': '/run/media/ttf/4D68CCA27FA538EE/immo_tul/backend/node_modules/@standard-schema/.spec-Lny2VedP',
63 silly reify   '/run/media/ttf/4D68CCA27FA538EE/immo_tul/backend/node_modules/mkdirp': '/run/media/ttf/4D68CCA27FA538EE/immo_tul/backend/node_modules/.mkdirp-omA1rYlU',
63 silly reify   '/run/media/ttf/4D68CCA27FA538EE/immo_tul/backend/node_modules/.bin/mkdirp': '/run/media/ttf/4D68CCA27FA538EE/immo_tul/backend/node_modules/.bin/.mkdirp-E0XCZdtI'
63 silly reify }
64 silly audit bulk request {
64 silly audit   accepts: [ '2.0.0' ],
64 silly audit   anymatch: [ '3.1.3' ],
64 silly audit   'append-field': [ '1.0.0' ],
64 silly audit   'balanced-match': [ '4.0.4' ],
64 silly audit   'basic-auth': [ '2.0.1' ],
64 silly audit   'safe-buffer': [ '5.1.2', '5.2.1' ],
64 silly audit   bcryptjs: [ '3.0.3' ],
64 silly audit   'binary-extensions': [ '2.3.0' ],
64 silly audit   'body-parser': [ '2.3.0' ],
64 silly audit   'content-type': [ '2.1.0', '1.0.5' ],
64 silly audit   'brace-expansion': [ '5.0.12' ],
64 silly audit   braces: [ '3.0.3' ],
64 silly audit   'buffer-equal-constant-time': [ '1.0.1' ],
64 silly audit   'buffer-from': [ '1.1.2' ],
64 silly audit   busboy: [ '1.6.0' ],
64 silly audit   bytes: [ '3.1.2' ],
64 silly audit   chokidar: [ '3.6.0' ],
64 silly audit   readdirp: [ '3.6.0' ],
64 silly audit   'call-bind-apply-helpers': [ '1.0.2' ],
64 silly audit   'call-bound': [ '1.0.4' ],
64 silly audit   'concat-stream': [ '1.6.2' ],
64 silly audit   'content-disposition': [ '1.1.0' ],
64 silly audit   cookie: [ '0.7.2' ],
64 silly audit   'cookie-signature': [ '1.2.2' ],
64 silly audit   'core-util-is': [ '1.0.3' ],
64 silly audit   cors: [ '2.8.6' ],
64 silly audit   debug: [ '4.4.3', '2.6.9' ],
64 silly audit   depd: [ '2.0.0' ],
64 silly audit   dotenv: [ '16.6.1' ],
64 silly audit   'dunder-proto': [ '1.0.1' ],
64 silly audit   'ecdsa-sig-formatter': [ '1.0.11' ],
64 silly audit   'ee-first': [ '1.1.1' ],
64 silly audit   encodeurl: [ '2.0.0' ],
64 silly audit   'es-define-property': [ '1.0.1' ],
64 silly audit   'es-errors': [ '1.3.0' ],
64 silly audit   'es-object-atoms': [ '1.1.2' ],
64 silly audit   'escape-html': [ '1.0.3' ],
64 silly audit   etag: [ '1.8.1' ],
64 silly audit   express: [ '5.2.1' ],
64 silly audit   'express-rate-limit': [ '7.5.1' ],
64 silly audit   'express-validator': [ '7.3.2' ],
64 silly audit   'fill-range': [ '7.1.1' ],
64 silly audit   finalhandler: [ '2.1.1' ],
64 silly audit   forwarded: [ '0.2.0' ],
64 silly audit   fresh: [ '2.0.0' ],
64 silly audit   fsevents: [ '2.3.3' ],
64 silly audit   'function-bind': [ '1.1.2' ],
64 silly audit   'get-intrinsic': [ '1.3.0' ],
64 silly audit   'get-proto': [ '1.0.1' ],
64 silly audit   'glob-parent': [ '5.1.2' ],
64 silly audit   gopd: [ '1.2.0' ],
64 silly audit   'has-flag': [ '3.0.0' ],
64 silly audit   'has-symbols': [ '1.1.0' ],
64 silly audit   hasown: [ '2.0.4' ],
64 silly audit   helmet: [ '8.3.0' ],
64 silly audit   'http-errors': [ '2.0.1' ],
64 silly audit   'iconv-lite': [ '0.7.3' ],
64 silly audit   'ignore-by-default': [ '1.0.1' ],
64 silly audit   inherits: [ '2.0.4' ],
64 silly audit   'ipaddr.js': [ '1.9.1' ],
64 silly audit   'is-binary-path': [ '2.1.0' ],
64 silly audit   'is-extglob': [ '2.1.1' ],
64 silly audit   'is-glob': [ '4.0.3' ],
64 silly audit   'is-number': [ '7.0.0' ],
64 silly audit   'is-promise': [ '4.0.0' ],
64 silly audit   isarray: [ '1.0.0' ],
64 silly audit   jsonwebtoken: [ '9.0.3' ],
64 silly audit   jwa: [ '2.0.1' ],
64 silly audit   jws: [ '4.0.1' ],
64 silly audit   lodash: [ '4.18.1' ],
64 silly audit   'lodash.includes': [ '4.3.0' ],
64 silly audit   'lodash.isboolean': [ '3.0.3' ],
64 silly audit   'lodash.isinteger': [ '4.0.4' ],
64 silly audit   'lodash.isnumber': [ '3.0.3' ],
64 silly audit   'lodash.isplainobject': [ '4.0.6' ],
64 silly audit   'lodash.isstring': [ '4.0.1' ],
64 silly audit   'lodash.once': [ '4.1.1' ],
64 silly audit   'math-intrinsics': [ '1.1.0' ],
64 silly audit   'media-typer': [ '1.1.1', '0.3.0' ],
64 silly audit   'merge-descriptors': [ '2.0.0' ],
64 silly audit   'mime-db': [ '1.54.0', '1.52.0' ],
64 silly audit   'mime-types': [ '3.0.2', '2.1.35' ],
64 silly audit   minimatch: [ '10.2.6' ],
64 silly audit   minimist: [ '1.2.8' ],
64 silly audit   mkdirp: [ '0.5.6' ],
64 silly audit   morgan: [ '1.12.1' ],
64 silly audit   ms: [ '2.0.0', '2.1.3' ],
64 silly audit   multer: [ '1.4.5-lts.2' ],
64 silly audit   'type-is': [ '1.6.18', '2.1.0' ],
64 silly audit   negotiator: [ '1.1.0' ],
64 silly audit   nodemon: [ '3.1.14' ],
64 silly audit   'normalize-path': [ '3.0.0' ],
64 silly audit   'object-assign': [ '4.1.1' ],
64 silly audit   'object-inspect': [ '1.13.4' ],
64 silly audit   'on-finished': [ '2.4.1' ],
64 silly audit   'on-headers': [ '1.1.0' ],
64 silly audit   once: [ '1.4.0' ],
64 silly audit   parseurl: [ '1.3.3' ],
64 silly audit   'path-to-regexp': [ '8.4.2' ],
64 silly audit   picomatch: [ '2.3.2' ],
64 silly audit   'process-nextick-args': [ '2.0.1' ],
64 silly audit   'proxy-addr': [ '2.0.8' ],
64 silly audit   'pstree.remy': [ '1.1.8' ],
64 silly audit   qs: [ '6.16.0' ],
64 silly audit   'range-parser': [ '1.3.0' ],
64 silly audit   'raw-body': [ '3.0.2' ],
64 silly audit   'readable-stream': [ '2.3.8' ],
64 silly audit   router: [ '2.2.0' ],
64 silly audit   'safer-buffer': [ '2.1.2' ],
64 silly audit   semver: [ '7.8.5' ],
64 silly audit   send: [ '1.2.1' ],
64 silly audit   'serve-static': [ '2.2.1' ],
64 silly audit   setprototypeof: [ '1.2.0' ],
64 silly audit   'side-channel': [ '1.1.1' ],
64 silly audit   'side-channel-list': [ '1.0.1' ],
64 silly audit   'side-channel-map': [ '1.0.1' ],
64 silly audit   'side-channel-weakmap': [ '1.0.2' ],
64 silly audit   'simple-update-notifier': [ '2.0.0' ],
64 silly audit   statuses: [ '2.0.2' ],
64 silly audit   streamsearch: [ '1.1.0' ],
64 silly audit   string_decoder: [ '1.1.1' ],
64 silly audit   'supports-color': [ '5.5.0' ],
64 silly audit   'to-regex-range': [ '5.0.1' ],
64 silly audit   toidentifier: [ '1.0.1' ],
64 silly audit   touch: [ '3.1.1' ],
64 silly audit   typedarray: [ '0.0.6' ],
64 silly audit   undefsafe: [ '2.0.5' ],
64 silly audit   unpipe: [ '1.0.0' ],
64 silly audit   'util-deprecate': [ '1.0.2' ],
64 silly audit   validator: [ '13.15.35' ],
64 silly audit   vary: [ '1.1.2' ],
64 silly audit   wrappy: [ '1.0.2' ],
64 silly audit   xtend: [ '4.0.2' ]
64 silly audit }
65 http cache mkdirp@https://registry.npmjs.org/mkdirp/-/mkdirp-0.5.6.tgz 1ms (cache hit)
66 http cache nodemon@https://registry.npmjs.org/nodemon/-/nodemon-3.1.14.tgz 0ms (cache hit)
67 http cache touch@https://registry.npmjs.org/touch/-/touch-3.1.1.tgz 0ms (cache hit)
68 http cache bcryptjs@https://registry.npmjs.org/bcryptjs/-/bcryptjs-3.0.3.tgz 0ms (cache hit)
69 http cache semver@https://registry.npmjs.org/semver/-/semver-7.8.5.tgz 0ms (cache hit)
70 http fetch POST 200 https://registry.npmjs.org/-/npm/v1/security/advisories/bulk 2037ms
71 silly audit report {
71 silly audit report   braces: [
71 silly audit report     {
71 silly audit report       id: 1240992,
71 silly audit report       url: 'https://github.com/advisories/GHSA-vfj7-8cjw-p6xm',
71 silly audit report       title: 'braces vulnerable to stack-exhaustion denial of service through deeply nested patterns',
71 silly audit report       severity: 'high',
71 silly audit report       vulnerable_versions: '<=3.0.3',
71 silly audit report       cwe: [Array],
71 silly audit report       cvss: [Object]
71 silly audit report     }
71 silly audit report   ]
71 silly audit report }
72 silly packumentCache corgi:https://registry.npmjs.org/braces cache-miss
73 http cache https://registry.npmjs.org/braces 15ms (cache hit)
74 silly packumentCache corgi:https://registry.npmjs.org/braces set size:35919 disposed:false
75 silly packumentCache corgi:https://registry.npmjs.org/chokidar cache-miss
76 http cache https://registry.npmjs.org/chokidar 5ms (cache hit)
77 silly packumentCache corgi:https://registry.npmjs.org/chokidar set size:119454 disposed:false
78 silly packumentCache corgi:https://registry.npmjs.org/nodemon cache-miss
79 http cache https://registry.npmjs.org/nodemon 6ms (cache hit)
80 silly packumentCache corgi:https://registry.npmjs.org/nodemon set size:282567 disposed:false
81 silly CHANGE node_modules/mkdirp
82 silly REMOVE node_modules/@standard-schema/spec
83 silly REMOVE node_modules/@prisma/get-platform
84 silly REMOVE node_modules/@prisma/engines-version
85 silly REMOVE node_modules/@prisma/fetch-engine
86 silly REMOVE node_modules/@prisma/engines
87 silly REMOVE node_modules/@prisma/debug
88 silly REMOVE node_modules/@prisma/config
89 silly CHANGE node_modules/touch
90 silly REMOVE node_modules/tinyexec
91 silly REMOVE node_modules/split2
92 silly CHANGE node_modules/semver
93 silly REMOVE node_modules/rc9
94 silly REMOVE node_modules/pure-rand
95 silly REMOVE node_modules/prisma
96 silly REMOVE node_modules/postgres-interval
97 silly REMOVE node_modules/postgres-date
98 silly REMOVE node_modules/postgres-bytea
99 silly REMOVE node_modules/postgres-array
100 silly REMOVE node_modules/pkg-types
101 silly REMOVE node_modules/pkg-types/node_modules/confbox
102 silly REMOVE node_modules/pgpass
103 silly REMOVE node_modules/pg-protocol
104 silly REMOVE node_modules/pg-types
105 silly REMOVE node_modules/pg-pool
106 silly REMOVE node_modules/pg-int8
107 silly REMOVE node_modules/pg-connection-string
108 silly REMOVE node_modules/pg-cloudflare
109 silly REMOVE node_modules/pg
110 silly REMOVE node_modules/perfect-debounce
111 silly REMOVE node_modules/pathe
112 silly REMOVE node_modules/ohash
113 silly REMOVE node_modules/nypm
114 silly REMOVE node_modules/nypm/node_modules/citty
115 silly CHANGE node_modules/nodemon
116 silly REMOVE node_modules/node-fetch-native
117 silly REMOVE node_modules/jiti
118 silly REMOVE node_modules/giget
119 silly REMOVE node_modules/fast-check
120 silly REMOVE node_modules/exsolve
121 silly REMOVE node_modules/empathic
122 silly REMOVE node_modules/effect
123 silly REMOVE node_modules/destr
124 silly REMOVE node_modules/defu
125 silly REMOVE node_modules/deepmerge-ts
126 silly REMOVE node_modules/consola
127 silly REMOVE node_modules/confbox
128 silly REMOVE node_modules/citty
129 silly REMOVE node_modules/c12
130 silly REMOVE node_modules/c12/node_modules/readdirp
131 silly REMOVE node_modules/c12/node_modules/chokidar
132 silly CHANGE node_modules/bcryptjs
133 silly REMOVE node_modules/@prisma/client
134 verbose cwd /run/media/ttf/4D68CCA27FA538EE/immo_tul/backend
135 verbose os Linux 6.18.5+kali-amd64
136 verbose node v24.18.0
137 verbose npm  v11.16.0
138 verbose exit 0
139 info ok
