0 verbose cli /usr/bin/node /usr/bin/npm
1 info using npm@11.16.0
2 info using node@v24.18.0
3 silly config load:file:/usr/share/nodejs/npm/npmrc
4 silly config load:file:/run/media/ttf/4D68CCA27FA538EE/immo_tul/backend/.npmrc
5 silly config load:file:/home/ttf/.npmrc
6 silly config load:file:/etc/npmrc
7 verbose title npm install
8 verbose argv "install" "--cache" "/run/media/ttf/4D68CCA27FA538EE/immo_tul/backend/.npm-cache"
9 verbose logfile logs-max:10 dir:/run/media/ttf/4D68CCA27FA538EE/immo_tul/backend/.npm-cache/_logs/2026-10-08T12_40_31_717Z-
10 verbose logfile /run/media/ttf/4D68CCA27FA538EE/immo_tul/backend/.npm-cache/_logs/2026-10-08T12_40_31_717Z-debug-0.log
11 silly logfile done cleaning log files
12 silly packumentCache heap:4496293888 maxSize:1124073472 maxEntrySize:562036736
13 verbose shrinkwrap failed to load node_modules/.package-lock.json out of date, updated: node_modules
14 silly idealTree buildDeps
15 silly reify moves {}
16 silly audit bulk request {
16 silly audit   accepts: [ '2.0.0' ],
16 silly audit   anymatch: [ '3.1.3' ],
16 silly audit   'append-field': [ '1.0.0' ],
16 silly audit   'balanced-match': [ '4.0.4' ],
16 silly audit   'basic-auth': [ '2.0.1' ],
16 silly audit   'safe-buffer': [ '5.1.2', '5.2.1' ],
16 silly audit   bcryptjs: [ '3.0.3' ],
16 silly audit   'binary-extensions': [ '2.3.0' ],
16 silly audit   'body-parser': [ '2.3.0' ],
16 silly audit   'content-type': [ '2.1.0', '1.0.5' ],
16 silly audit   'brace-expansion': [ '5.0.12' ],
16 silly audit   braces: [ '3.0.3' ],
16 silly audit   'buffer-equal-constant-time': [ '1.0.1' ],
16 silly audit   'buffer-from': [ '1.1.2' ],
16 silly audit   busboy: [ '1.6.0' ],
16 silly audit   bytes: [ '3.1.2' ],
16 silly audit   chokidar: [ '3.6.0' ],
16 silly audit   readdirp: [ '3.6.0' ],
16 silly audit   'call-bind-apply-helpers': [ '1.0.2' ],
16 silly audit   'call-bound': [ '1.0.4' ],
16 silly audit   'concat-stream': [ '1.6.2' ],
16 silly audit   'content-disposition': [ '1.1.0' ],
16 silly audit   cookie: [ '0.7.2' ],
16 silly audit   'cookie-signature': [ '1.2.2' ],
16 silly audit   'core-util-is': [ '1.0.3' ],
16 silly audit   cors: [ '2.8.6' ],
16 silly audit   debug: [ '4.4.3', '2.6.9' ],
16 silly audit   depd: [ '2.0.0' ],
16 silly audit   dotenv: [ '16.6.1' ],
16 silly audit   'dunder-proto': [ '1.0.1' ],
16 silly audit   'ecdsa-sig-formatter': [ '1.0.11' ],
16 silly audit   'ee-first': [ '1.1.1' ],
16 silly audit   encodeurl: [ '2.0.0' ],
16 silly audit   'es-define-property': [ '1.0.1' ],
16 silly audit   'es-errors': [ '1.3.0' ],
16 silly audit   'es-object-atoms': [ '1.1.2' ],
16 silly audit   'escape-html': [ '1.0.3' ],
16 silly audit   etag: [ '1.8.1' ],
16 silly audit   express: [ '5.2.1' ],
16 silly audit   'express-rate-limit': [ '7.5.1' ],
16 silly audit   'express-validator': [ '7.3.2' ],
16 silly audit   'fill-range': [ '7.1.1' ],
16 silly audit   finalhandler: [ '2.1.1' ],
16 silly audit   forwarded: [ '0.2.0' ],
16 silly audit   fresh: [ '2.0.0' ],
16 silly audit   fsevents: [ '2.3.3' ],
16 silly audit   'function-bind': [ '1.1.2' ],
16 silly audit   'get-intrinsic': [ '1.3.0' ],
16 silly audit   'get-proto': [ '1.0.1' ],
16 silly audit   'glob-parent': [ '5.1.2' ],
16 silly audit   gopd: [ '1.2.0' ],
16 silly audit   'has-flag': [ '3.0.0' ],
16 silly audit   'has-symbols': [ '1.1.0' ],
16 silly audit   hasown: [ '2.0.4' ],
16 silly audit   helmet: [ '8.3.0' ],
16 silly audit   'http-errors': [ '2.0.1' ],
16 silly audit   'iconv-lite': [ '0.7.3' ],
16 silly audit   'ignore-by-default': [ '1.0.1' ],
16 silly audit   inherits: [ '2.0.4' ],
16 silly audit   'ipaddr.js': [ '1.9.1' ],
16 silly audit   'is-binary-path': [ '2.1.0' ],
16 silly audit   'is-extglob': [ '2.1.1' ],
16 silly audit   'is-glob': [ '4.0.3' ],
16 silly audit   'is-number': [ '7.0.0' ],
16 silly audit   'is-promise': [ '4.0.0' ],
16 silly audit   isarray: [ '1.0.0' ],
16 silly audit   jsonwebtoken: [ '9.0.3' ],
16 silly audit   jwa: [ '2.0.1' ],
16 silly audit   jws: [ '4.0.1' ],
16 silly audit   lodash: [ '4.18.1' ],
16 silly audit   'lodash.includes': [ '4.3.0' ],
16 silly audit   'lodash.isboolean': [ '3.0.3' ],
16 silly audit   'lodash.isinteger': [ '4.0.4' ],
16 silly audit   'lodash.isnumber': [ '3.0.3' ],
16 silly audit   'lodash.isplainobject': [ '4.0.6' ],
16 silly audit   'lodash.isstring': [ '4.0.1' ],
16 silly audit   'lodash.once': [ '4.1.1' ],
16 silly audit   'math-intrinsics': [ '1.1.0' ],
16 silly audit   'media-typer': [ '1.1.1', '0.3.0' ],
16 silly audit   'merge-descriptors': [ '2.0.0' ],
16 silly audit   'mime-db': [ '1.54.0', '1.52.0' ],
16 silly audit   'mime-types': [ '3.0.2', '2.1.35' ],
16 silly audit   minimatch: [ '10.2.6' ],
16 silly audit   minimist: [ '1.2.8' ],
16 silly audit   mkdirp: [ '0.5.6' ],
16 silly audit   morgan: [ '1.12.1' ],
16 silly audit   ms: [ '2.0.0', '2.1.3' ],
16 silly audit   multer: [ '1.4.5-lts.2' ],
16 silly audit   'type-is': [ '1.6.18', '2.1.0' ],
16 silly audit   negotiator: [ '1.1.0' ],
16 silly audit   nodemon: [ '3.1.14' ],
16 silly audit   'normalize-path': [ '3.0.0' ],
16 silly audit   'object-assign': [ '4.1.1' ],
16 silly audit   'object-inspect': [ '1.13.4' ],
16 silly audit   'on-finished': [ '2.4.1' ],
16 silly audit   'on-headers': [ '1.1.0' ],
16 silly audit   once: [ '1.4.0' ],
16 silly audit   parseurl: [ '1.3.3' ],
16 silly audit   'path-to-regexp': [ '8.4.2' ],
16 silly audit   pg: [ '8.23.1' ],
16 silly audit   'pg-cloudflare': [ '1.4.1' ],
16 silly audit   'pg-connection-string': [ '2.14.1' ],
16 silly audit   'pg-int8': [ '1.0.1' ],
16 silly audit   'pg-pool': [ '3.14.0' ],
16 silly audit   'pg-protocol': [ '1.16.1' ],
16 silly audit   'pg-types': [ '2.2.0' ],
16 silly audit   pgpass: [ '1.0.5' ],
16 silly audit   picomatch: [ '2.3.2' ],
16 silly audit   'postgres-array': [ '2.0.0' ],
16 silly audit   'postgres-bytea': [ '1.0.1' ],
16 silly audit   'postgres-date': [ '1.0.7' ],
16 silly audit   'postgres-interval': [ '1.2.0' ],
16 silly audit   'process-nextick-args': [ '2.0.1' ],
16 silly audit   'proxy-addr': [ '2.0.8' ],
16 silly audit   'pstree.remy': [ '1.1.8' ],
16 silly audit   qs: [ '6.16.0' ],
16 silly audit   'range-parser': [ '1.3.0' ],
16 silly audit   'raw-body': [ '3.0.2' ],
16 silly audit   'readable-stream': [ '2.3.8' ],
16 silly audit   router: [ '2.2.0' ],
16 silly audit   'safer-buffer': [ '2.1.2' ],
16 silly audit   semver: [ '7.8.5' ],
16 silly audit   send: [ '1.2.1' ],
16 silly audit   'serve-static': [ '2.2.1' ],
16 silly audit   setprototypeof: [ '1.2.0' ],
16 silly audit   'side-channel': [ '1.1.1' ],
16 silly audit   'side-channel-list': [ '1.0.1' ],
16 silly audit   'side-channel-map': [ '1.0.1' ],
16 silly audit   'side-channel-weakmap': [ '1.0.2' ],
16 silly audit   'simple-update-notifier': [ '2.0.0' ],
16 silly audit   split2: [ '4.2.0' ],
16 silly audit   statuses: [ '2.0.2' ],
16 silly audit   streamsearch: [ '1.1.0' ],
16 silly audit   string_decoder: [ '1.1.1' ],
16 silly audit   'supports-color': [ '5.5.0' ],
16 silly audit   'to-regex-range': [ '5.0.1' ],
16 silly audit   toidentifier: [ '1.0.1' ],
16 silly audit   touch: [ '3.1.1' ],
16 silly audit   typedarray: [ '0.0.6' ],
16 silly audit   undefsafe: [ '2.0.5' ],
16 silly audit   unpipe: [ '1.0.0' ],
16 silly audit   'util-deprecate': [ '1.0.2' ],
16 silly audit   validator: [ '13.15.35' ],
16 silly audit   vary: [ '1.1.2' ],
16 silly audit   wrappy: [ '1.0.2' ],
16 silly audit   xtend: [ '4.0.2' ]
16 silly audit }
17 http cache split2@https://registry.npmjs.org/split2/-/split2-4.2.0.tgz 1ms (cache hit)
18 http cache postgres-interval@https://registry.npmjs.org/postgres-interval/-/postgres-interval-1.2.0.tgz 0ms (cache hit)
19 http cache postgres-date@https://registry.npmjs.org/postgres-date/-/postgres-date-1.0.7.tgz 0ms (cache hit)
20 http cache postgres-bytea@https://registry.npmjs.org/postgres-bytea/-/postgres-bytea-1.0.1.tgz 0ms (cache hit)
21 http cache postgres-array@https://registry.npmjs.org/postgres-array/-/postgres-array-2.0.0.tgz 0ms (cache hit)
22 http cache pgpass@https://registry.npmjs.org/pgpass/-/pgpass-1.0.5.tgz 0ms (cache hit)
23 http cache pg-types@https://registry.npmjs.org/pg-types/-/pg-types-2.2.0.tgz 0ms (cache hit)
24 http cache pg-protocol@https://registry.npmjs.org/pg-protocol/-/pg-protocol-1.16.1.tgz 0ms (cache hit)
25 http cache pg-pool@https://registry.npmjs.org/pg-pool/-/pg-pool-3.14.0.tgz 1ms (cache hit)
26 http cache pg-int8@https://registry.npmjs.org/pg-int8/-/pg-int8-1.0.1.tgz 0ms (cache hit)
27 http cache pg-connection-string@https://registry.npmjs.org/pg-connection-string/-/pg-connection-string-2.14.1.tgz 0ms (cache hit)
28 http cache pg-cloudflare@https://registry.npmjs.org/pg-cloudflare/-/pg-cloudflare-1.4.1.tgz 0ms (cache hit)
29 http cache pg@https://registry.npmjs.org/pg/-/pg-8.23.1.tgz 0ms (cache hit)
30 http fetch POST 200 https://registry.npmjs.org/-/npm/v1/security/advisories/bulk 1005ms
31 silly audit report {
31 silly audit report   braces: [
31 silly audit report     {
31 silly audit report       id: 1240992,
31 silly audit report       url: 'https://github.com/advisories/GHSA-vfj7-8cjw-p6xm',
31 silly audit report       title: 'braces vulnerable to stack-exhaustion denial of service through deeply nested patterns',
31 silly audit report       severity: 'high',
31 silly audit report       vulnerable_versions: '<=3.0.3',
31 silly audit report       cwe: [Array],
31 silly audit report       cvss: [Object]
31 silly audit report     }
31 silly audit report   ]
31 silly audit report }
32 silly packumentCache corgi:https://registry.npmjs.org/braces cache-miss
33 http fetch GET 200 https://registry.npmjs.org/braces 175ms (cache revalidated)
34 silly packumentCache corgi:https://registry.npmjs.org/braces set size:35919 disposed:false
35 silly packumentCache corgi:https://registry.npmjs.org/chokidar cache-miss
36 http fetch GET 200 https://registry.npmjs.org/chokidar 167ms (cache revalidated)
37 silly packumentCache corgi:https://registry.npmjs.org/chokidar set size:119454 disposed:false
38 silly packumentCache corgi:https://registry.npmjs.org/nodemon cache-miss
39 http fetch GET 200 https://registry.npmjs.org/nodemon 200ms (cache revalidated)
40 silly packumentCache corgi:https://registry.npmjs.org/nodemon set size:282567 disposed:false
41 silly ADD node_modules/split2
42 silly ADD node_modules/postgres-interval
43 silly ADD node_modules/postgres-date
44 silly ADD node_modules/postgres-bytea
45 silly ADD node_modules/postgres-array
46 silly ADD node_modules/pgpass
47 silly ADD node_modules/pg-types
48 silly ADD node_modules/pg-protocol
49 silly ADD node_modules/pg-pool
50 silly ADD node_modules/pg-int8
51 silly ADD node_modules/pg-connection-string
52 silly ADD node_modules/pg-cloudflare
53 silly ADD node_modules/pg
54 verbose cwd /run/media/ttf/4D68CCA27FA538EE/immo_tul/backend
55 verbose os Linux 6.18.5+kali-amd64
56 verbose node v24.18.0
57 verbose npm  v11.16.0
58 verbose exit 0
59 info ok
